Copyright 1986-2018 Xilinx, Inc. All Rights Reserved.
----------------------------------------------------------------------------------------
| Tool Version : Vivado v.2018.3 (win64) Build 2405991 Thu Dec  6 23:38:27 MST 2018
| Date         : Sun May  3 09:43:34 2026
| Host         : DESKTOP-7C3QGLM running 64-bit major release  (build 9200)
| Command      : report_timing_summary -file ./build/synth_output/timing_post_route.rpt
| Design       : cube_root_bram_ultra_3cyc
| Device       : 7k420t-ffg1156
| Speed File   : -2L  PRODUCTION 1.12 2017-02-17
----------------------------------------------------------------------------------------

Timing Summary Report

------------------------------------------------------------------------------------------------
| Timer Settings
| --------------
------------------------------------------------------------------------------------------------

  Enable Multi Corner Analysis               :  Yes
  Enable Pessimism Removal                   :  Yes
  Pessimism Removal Resolution               :  Nearest Common Node
  Enable Input Delay Default Clock           :  No
  Enable Preset / Clear Arcs                 :  No
  Disable Flight Delays                      :  No
  Ignore I/O Paths                           :  No
  Timing Early Launch at Borrowing Latches   :  false

  Corner  Analyze    Analyze    
  Name    Max Paths  Min Paths  
  ------  ---------  ---------  
  Slow    Yes        Yes        
  Fast    Yes        Yes        



check_timing report

Table of Contents
-----------------
1. checking no_clock
2. checking constant_clock
3. checking pulse_width_clock
4. checking unconstrained_internal_endpoints
5. checking no_input_delay
6. checking no_output_delay
7. checking multiple_clock
8. checking generated_clocks
9. checking loops
10. checking partial_input_delay
11. checking partial_output_delay
12. checking latch_loops

1. checking no_clock
--------------------
 There are 0 register/latch pins with no clock.


2. checking constant_clock
--------------------------
 There are 0 register/latch pins with constant_clock.


3. checking pulse_width_clock
-----------------------------
 There are 0 register/latch pins which need pulse_width check


4. checking unconstrained_internal_endpoints
--------------------------------------------
 There are 0 pins that are not constrained for maximum delay.

 There are 0 pins that are not constrained for maximum delay due to constant clock.


5. checking no_input_delay
--------------------------
 There are 0 input ports with no input delay specified.

 There are 0 input ports with no input delay but user has a false path constraint.


6. checking no_output_delay
---------------------------
 There are 0 ports with no output delay specified.

 There are 0 ports with no output delay but user has a false path constraint

 There are 0 ports with no output delay but with a timing clock defined on it or propagating through it


7. checking multiple_clock
--------------------------
 There are 0 register/latch pins with multiple clocks.


8. checking generated_clocks
----------------------------
 There are 0 generated clocks that are not connected to a clock source.


9. checking loops
-----------------
 There are 0 combinational loops in the design.


10. checking partial_input_delay
--------------------------------
 There are 0 input ports with partial input delay specified.


11. checking partial_output_delay
---------------------------------
 There are 0 ports with partial output delay specified.


12. checking latch_loops
------------------------
 There are 0 combinational latch loops in the design through latch input



------------------------------------------------------------------------------------------------
| Design Timing Summary
| ---------------------
------------------------------------------------------------------------------------------------

    WNS(ns)      TNS(ns)  TNS Failing Endpoints  TNS Total Endpoints      WHS(ns)      THS(ns)  THS Failing Endpoints  THS Total Endpoints     WPWS(ns)     TPWS(ns)  TPWS Failing Endpoints  TPWS Total Endpoints  
    -------      -------  ---------------------  -------------------      -------      -------  ---------------------  -------------------     --------     --------  ----------------------  --------------------  
     -1.371      -30.096                     25                   79       -0.220       -0.220                      1                   79        4.600        0.000                       0                    39  


Timing constraints are not met.


------------------------------------------------------------------------------------------------
| Clock Summary
| -------------
------------------------------------------------------------------------------------------------

Clock  Waveform(ns)       Period(ns)      Frequency(MHz)
-----  ------------       ----------      --------------
clk    {0.000 5.000}      10.000          100.000         


------------------------------------------------------------------------------------------------
| Intra Clock Table
| -----------------
------------------------------------------------------------------------------------------------

Clock             WNS(ns)      TNS(ns)  TNS Failing Endpoints  TNS Total Endpoints      WHS(ns)      THS(ns)  THS Failing Endpoints  THS Total Endpoints     WPWS(ns)     TPWS(ns)  TPWS Failing Endpoints  TPWS Total Endpoints  
-----             -------      -------  ---------------------  -------------------      -------      -------  ---------------------  -------------------     --------     --------  ----------------------  --------------------  
clk                -1.371      -30.096                     25                   79       -0.220       -0.220                      1                   79        4.600        0.000                       0                    39  


------------------------------------------------------------------------------------------------
| Inter Clock Table
| -----------------
------------------------------------------------------------------------------------------------

From Clock    To Clock          WNS(ns)      TNS(ns)  TNS Failing Endpoints  TNS Total Endpoints      WHS(ns)      THS(ns)  THS Failing Endpoints  THS Total Endpoints  
----------    --------          -------      -------  ---------------------  -------------------      -------      -------  ---------------------  -------------------  


------------------------------------------------------------------------------------------------
| Other Path Groups Table
| -----------------------
------------------------------------------------------------------------------------------------

Path Group    From Clock    To Clock          WNS(ns)      TNS(ns)  TNS Failing Endpoints  TNS Total Endpoints      WHS(ns)      THS(ns)  THS Failing Endpoints  THS Total Endpoints  
----------    ----------    --------          -------      -------  ---------------------  -------------------      -------      -------  ---------------------  -------------------  


------------------------------------------------------------------------------------------------
| Timing Details
| --------------
------------------------------------------------------------------------------------------------


---------------------------------------------------------------------------------------------------
From Clock:  clk
  To Clock:  clk

Setup :           25  Failing Endpoints,  Worst Slack       -1.371ns,  Total Violation      -30.096ns
Hold  :            1  Failing Endpoint ,  Worst Slack       -0.220ns,  Total Violation       -0.220ns
PW    :            0  Failing Endpoints,  Worst Slack        4.600ns,  Total Violation        0.000ns
---------------------------------------------------------------------------------------------------


Max Delay Paths
--------------------------------------------------------------------------------------
Slack (VIOLATED) :        -1.371ns  (required time - arrival time)
  Source:                 result_reg[0]/C
                            (rising edge-triggered cell FDCE clocked by clk  {rise@0.000ns fall@5.000ns period=10.000ns})
  Destination:            result[0]
                            (output port clocked by clk  {rise@0.000ns fall@5.000ns period=10.000ns})
  Path Group:             clk
  Path Type:              Max at Slow Process Corner
  Requirement:            10.000ns  (clk rise@10.000ns - clk rise@0.000ns)
  Data Path Delay:        3.816ns  (logic 2.599ns (68.112%)  route 1.217ns (31.888%))
  Logic Levels:           1  (OBUF=1)
  Output Delay:           2.000ns
  Clock Path Skew:        -5.519ns (DCD - SCD + CPR)
    Destination Clock Delay (DCD):    0.000ns = ( 10.000 - 10.000 ) 
    Source Clock Delay      (SCD):    5.519ns
    Clock Pessimism Removal (CPR):    0.000ns
  Clock Uncertainty:      0.035ns  ((TSJ^2 + TIJ^2)^1/2 + DJ) / 2 + PE
    Total System Jitter     (TSJ):    0.071ns
    Total Input Jitter      (TIJ):    0.000ns
    Discrete Jitter          (DJ):    0.000ns
    Phase Error              (PE):    0.000ns

    Location             Delay type                Incr(ns)  Path(ns)    Netlist Resource(s)
  -------------------------------------------------------------------    -------------------
                         (clock clk rise edge)        0.000     0.000 r  
    AL20                                              0.000     0.000 r  clk (IN)
                         net (fo=0)                   0.000     0.000    clk
    AL20                 IBUF (Prop_ibuf_I_O)         0.776     0.776 r  clk_IBUF_inst/O
                         net (fo=1, routed)           2.715     3.491    clk_IBUF
    BUFGCTRL_X0Y0        BUFG (Prop_bufg_I_O)         0.093     3.584 r  clk_IBUF_BUFG_inst/O
                         net (fo=38, routed)          1.935     5.519    clk_IBUF_BUFG
    SLICE_X0Y3           FDCE                                         r  result_reg[0]/C
  -------------------------------------------------------------------    -------------------
    SLICE_X0Y3           FDCE (Prop_fdce_C_Q)         0.223     5.742 r  result_reg[0]/Q
                         net (fo=1, routed)           1.217     6.959    result_OBUF[0]
    AG15                 OBUF (Prop_obuf_I_O)         2.376     9.335 r  result_OBUF[0]_inst/O
                         net (fo=0)                   0.000     9.335    result[0]
    AG15                                                              r  result[0] (OUT)
  -------------------------------------------------------------------    -------------------

                         (clock clk rise edge)       10.000    10.000 r  
                         clock pessimism              0.000    10.000    
                         clock uncertainty           -0.035     9.965    
                         output delay                -2.000     7.965    
  -------------------------------------------------------------------
                         required time                          7.965    
                         arrival time                          -9.335    
  -------------------------------------------------------------------
                         slack                                 -1.371    





Min Delay Paths
--------------------------------------------------------------------------------------
Slack (VIOLATED) :        -0.220ns  (arrival time - required time)
  Source:                 radicand[16]
                            (input port clocked by clk  {rise@0.000ns fall@5.000ns period=10.000ns})
  Destination:            bram_addr_s1_reg[2]/D
                            (rising edge-triggered cell FDCE clocked by clk  {rise@0.000ns fall@5.000ns period=10.000ns})
  Path Group:             clk
  Path Type:              Hold (Min at Slow Process Corner)
  Requirement:            0.000ns  (clk rise@0.000ns - clk rise@0.000ns)
  Data Path Delay:        4.978ns  (logic 0.737ns (14.808%)  route 4.241ns (85.192%))
  Logic Levels:           2  (IBUF=1 LUT5=1)
  Input Delay:            0.500ns
  Clock Path Skew:        5.510ns (DCD - SCD - CPR)
    Destination Clock Delay (DCD):    5.510ns
    Source Clock Delay      (SCD):    0.000ns
    Clock Pessimism Removal (CPR):    -0.000ns
  Clock Uncertainty:      0.035ns  ((TSJ^2 + TIJ^2)^1/2 + DJ) / 2 + PE
    Total System Jitter     (TSJ):    0.071ns
    Total Input Jitter      (TIJ):    0.000ns
    Discrete Jitter          (DJ):    0.000ns
    Phase Error              (PE):    0.000ns

    Location             Delay type                Incr(ns)  Path(ns)    Netlist Resource(s)
  -------------------------------------------------------------------    -------------------
                         (clock clk rise edge)        0.000     0.000 r  
                         input delay                  0.500     0.500    
    AM20                                              0.000     0.500 r  radicand[16] (IN)
                         net (fo=0)                   0.000     0.500    radicand[16]
    AM20                 IBUF (Prop_ibuf_I_O)         0.701     1.201 r  radicand_IBUF[16]_inst/O
                         net (fo=3, routed)           4.241     5.442    radicand_IBUF[16]
    SLICE_X1Y16          LUT5 (Prop_lut5_I1_O)        0.036     5.478 r  bram_addr_s1[2]_i_1/O
                         net (fo=1, routed)           0.000     5.478    bram_addr_comb[2]
    SLICE_X1Y16          FDCE                                         r  bram_addr_s1_reg[2]/D
  -------------------------------------------------------------------    -------------------

                         (clock clk rise edge)        0.000     0.000 r  
    AL20                                              0.000     0.000 r  clk (IN)
                         net (fo=0)                   0.000     0.000    clk
    AL20                 IBUF (Prop_ibuf_I_O)         0.776     0.776 r  clk_IBUF_inst/O
                         net (fo=1, routed)           2.715     3.491    clk_IBUF
    BUFGCTRL_X0Y0        BUFG (Prop_bufg_I_O)         0.093     3.584 r  clk_IBUF_BUFG_inst/O
                         net (fo=38, routed)          1.926     5.510    clk_IBUF_BUFG
    SLICE_X1Y16          FDCE                                         r  bram_addr_s1_reg[2]/C
                         clock pessimism              0.000     5.510    
                         clock uncertainty            0.035     5.546    
    SLICE_X1Y16          FDCE (Hold_fdce_C_D)         0.153     5.699    bram_addr_s1_reg[2]
  -------------------------------------------------------------------
                         required time                         -5.699    
                         arrival time                           5.478    
  -------------------------------------------------------------------
                         slack                                 -0.220    





Pulse Width Checks
--------------------------------------------------------------------------------------
Clock Name:         clk
Waveform(ns):       { 0.000 5.000 }
Period(ns):         10.000
Sources:            { clk }

Check Type        Corner  Lib Pin             Reference Pin  Required(ns)  Actual(ns)  Slack(ns)  Location     Pin
Min Period        n/a     RAMB18E1/CLKARDCLK  n/a            1.839         10.000      8.161      RAMB18_X0Y6  bram_dout_s2_reg/CLKARDCLK
Low Pulse Width   Slow    FDCE/C              n/a            0.400         5.000       4.600      SLICE_X0Y15  bram_addr_s1_reg[7]/C
High Pulse Width  Fast    FDCE/C              n/a            0.350         5.000       4.650      SLICE_X0Y24  done_reg/C



